[
  {
    "id": "5abbe4b7ddc1b351ef961417",
    "name": "Ship it",
    "closed": false,
    "idBoard": "5abbe4b7ddc1b351ef961414",
    "idList": "5abbe4b7ddc1b351ef961415",
    "labels": [
      {
        "id": "5abbe4b7ddc1b351ef961419",
        "idBoard": "5abbe4b7ddc1b351ef961414",
        "name": "Overdue",
        "color": "red"
      }
    ],
    "shortLink": "AbCdEf01",
    "url": "https://trello.com/c/AbCdEf01/ship-it",
    "pos": 65535
  },
  {
    "id": "5abbe4b7ddc1b351ef961418",
    "name": "Fix bug",
    "closed": false,
    "idBoard": "5abbe4b7ddc1b351ef961414",
    "idList": "5abbe4b7ddc1b351ef961416",
    "shortLink": "AbCdEf02",
    "url": "https://trello.com/c/AbCdEf02/fix-bug",
    "pos": 131071,
    "due": "2026-09-04T12:00:00Z"
  }
]
