[
  {
    "id": "5abbe4b7ddc1b351ef961415",
    "name": "To do",
    "closed": false,
    "pos": 16384,
    "idBoard": "5abbe4b7ddc1b351ef961414"
  },
  {
    "id": "5abbe4b7ddc1b351ef961416",
    "name": "Done",
    "closed": false,
    "pos": 32768,
    "idBoard": "5abbe4b7ddc1b351ef961414"
  }
]
