{
  "id": "5b02e7f4e1facdc393169f9d",
  "username": "bentleycook",
  "fullName": "Bentley Cook",
  "initials": "BC",
  "url": "https://trello.com/bentleycook",
  "avatarUrl": "https://trello-avatars.s3.amazonaws.com/fc8faaaee46666a4eb8b626c08933e16",
  "bio": "I'm a developer advocate at Trello!",
  "email": "bcook@atlassian.com",
  "confirmed": true
}
